{"time":"2026-09-26T15:30:08.826Z","level":"info","event":"login_success","username":"User2_admin","role":"editor","idNumber":"098765432"}
{"time":"2026-09-26T16:13:16.475Z","level":"info","event":"user_updated","idNumber":"seed_0ad4565f-061f-466d-bc0a-b461cca741d3","byIdNumber":"098765432"}
{"time":"2026-09-26T16:17:07.155Z","level":"info","event":"logout","idNumber":"098765432"}
{"time":"2026-09-27T08:51:19.568Z","level":"info","event":"login_success","username":"User1","role":"reporter","idNumber":"123456789"}
{"time":"2026-09-27T09:44:01.725Z","level":"info","event":"logout","idNumber":"123456789"}
{"time":"2026-09-27T09:44:21.104Z","level":"info","event":"login_success","username":"User2_admin","role":"editor","idNumber":"098765432"}
{"time":"2026-09-27T10:45:47.405Z","level":"info","event":"logout","idNumber":"098765432"}
{"time":"2026-09-27T10:46:00.985Z","level":"info","event":"login_success","username":"User1","role":"reporter","idNumber":"123456789"}
{"time":"2026-09-27T12:25:22.673Z","level":"info","event":"login_success","username":"User1","role":"reporter","idNumber":"123456789"}
{"time":"2026-09-27T12:30:53.859Z","level":"info","event":"article_created","articleId":"art_49cf5811-9ce5-4ff5-b68f-2c78f9dc412b","idNumber":"123456789"}
{"time":"2026-09-27T12:31:32.649Z","level":"info","event":"article_status_changed","articleId":"art_49cf5811-9ce5-4ff5-b68f-2c78f9dc412b","status":"pending","idNumber":"123456789","role":"reporter"}
{"time":"2026-09-27T12:32:07.564Z","level":"info","event":"login_success","username":"User2_admin","role":"editor","idNumber":"098765432"}
{"time":"2026-09-27T12:32:32.637Z","level":"info","event":"article_status_changed","articleId":"art_49cf5811-9ce5-4ff5-b68f-2c78f9dc412b","status":"published","idNumber":"098765432","role":"editor"}
{"time":"2026-09-27T12:33:16.609Z","level":"info","event":"article_status_changed","articleId":"art_49cf5811-9ce5-4ff5-b68f-2c78f9dc412b","status":"pending","idNumber":"123456789","role":"reporter"}
{"time":"2026-09-27T12:33:49.583Z","level":"info","event":"article_status_changed","articleId":"art_49cf5811-9ce5-4ff5-b68f-2c78f9dc412b","status":"published","idNumber":"098765432","role":"editor"}
{"time":"2026-09-27T12:36:29.717Z","level":"info","event":"article_deleted","articleId":"art_b5e03bfa-8c2d-401f-be58-91e2c29e50ba","idNumber":"098765432"}
{"time":"2026-09-27T12:37:15.001Z","level":"info","event":"article_deleted","articleId":"art_49cf5811-9ce5-4ff5-b68f-2c78f9dc412b","idNumber":"098765432"}
{"time":"2026-09-27T12:38:46.790Z","level":"info","event":"article_status_changed","articleId":"art_4aec17d0-bd31-436e-bb3a-7f5fb875a2da","status":"pending","idNumber":"123456789","role":"reporter"}
{"time":"2026-09-27T12:39:10.004Z","level":"info","event":"article_status_changed","articleId":"art_4aec17d0-bd31-436e-bb3a-7f5fb875a2da","status":"returned","idNumber":"098765432","role":"editor"}
{"time":"2026-09-27T12:55:27.034Z","level":"info","event":"logout","idNumber":"123456789"}
{"time":"2026-09-27T12:55:37.515Z","level":"info","event":"login_success","username":"User1","role":"reporter","idNumber":"123456789"}
{"time":"2026-09-27T12:55:45.352Z","level":"info","event":"logout","idNumber":"123456789"}
{"time":"2026-09-27T12:55:58.811Z","level":"info","event":"login_success","username":"User2_admin","role":"editor","idNumber":"098765432"}
{"time":"2026-09-27T12:56:05.922Z","level":"info","event":"logout","idNumber":"098765432"}
{"time":"2026-09-27T12:56:18.507Z","level":"info","event":"login_success","username":"User1","role":"reporter","idNumber":"123456789"}
{"time":"2026-09-27T13:01:51.011Z","level":"info","event":"logout","idNumber":"123456789"}
{"time":"2026-09-27T13:02:09.962Z","level":"info","event":"login_success","username":"User1","role":"reporter","idNumber":"123456789"}
{"time":"2026-09-27T13:02:28.175Z","level":"info","event":"login_success","username":"User1","role":"reporter","idNumber":"123456789"}
{"time":"2026-09-27T13:08:09.898Z","level":"info","event":"logout","idNumber":"123456789"}
{"time":"2026-09-27T13:15:49.342Z","level":"info","event":"login_success","username":"User1","role":"reporter","idNumber":"123456789"}
{"time":"2026-09-27T13:32:53.619Z","level":"info","event":"login_success","username":"User1","role":"reporter","idNumber":"123456789"}
{"time":"2026-09-27T13:41:41.172Z","level":"info","event":"login_success","username":"User1","role":"reporter","idNumber":"123456789"}
{"time":"2026-09-27T13:42:42.969Z","level":"info","event":"login_success","username":"User1","role":"reporter","idNumber":"123456789"}
{"time":"2026-09-27T13:43:12.911Z","level":"info","event":"login_success","username":"User1","role":"reporter","idNumber":"123456789"}
{"time":"2026-09-27T13:43:32.084Z","level":"info","event":"logout","idNumber":"123456789"}
{"time":"2026-09-27T13:43:45.193Z","level":"info","event":"login_success","username":"User2_admin","role":"editor","idNumber":"098765432"}
{"time":"2026-09-27T13:53:26.342Z","level":"info","event":"logout","idNumber":"123456789"}
{"time":"2026-09-27T13:53:46.353Z","level":"info","event":"login_success","username":"User2_admin","role":"editor","idNumber":"098765432"}
{"time":"2026-09-27T13:55:43.468Z","level":"info","event":"logout","idNumber":"098765432"}
{"time":"2026-09-27T13:55:54.642Z","level":"info","event":"login_success","username":"User1","role":"reporter","idNumber":"123456789"}
{"time":"2026-09-27T13:58:10.678Z","level":"info","event":"logout","idNumber":"123456789"}
{"time":"2026-09-27T13:58:23.638Z","level":"info","event":"login_success","username":"User2_admin","role":"editor","idNumber":"098765432"}
{"time":"2026-09-28T08:52:14.088Z","level":"info","event":"login_failed","username":"g"}
{"time":"2026-09-28T09:26:46.195Z","level":"info","event":"login_success","username":"User1","role":"reporter","idNumber":"123456789"}
{"time":"2026-09-28T09:47:57.659Z","level":"info","event":"logout","idNumber":"123456789"}
{"time":"2026-09-28T09:56:32.186Z","level":"info","event":"login_failed","username":"User1"}
{"time":"2026-09-28T09:56:33.303Z","level":"info","event":"login_failed","username":"User1"}
{"time":"2026-09-28T09:56:38.444Z","level":"info","event":"login_success","username":"User1","role":"reporter","idNumber":"123456789"}
{"time":"2026-09-28T09:58:32.338Z","level":"info","event":"login_success","username":"User2_admin","role":"editor","idNumber":"098765432"}
{"time":"2026-09-28T09:58:47.082Z","level":"info","event":"article_status_changed","articleId":"art_7c4ec30f-5e50-40cb-986b-5a29bdd8800f","status":"pending","idNumber":"123456789","role":"reporter"}
{"time":"2026-09-28T09:59:47.899Z","level":"info","event":"article_status_changed","articleId":"art_7c4ec30f-5e50-40cb-986b-5a29bdd8800f","status":"published","idNumber":"098765432","role":"editor"}
{"time":"2026-09-28T10:01:28.604Z","level":"info","event":"user_updated","idNumber":"seed_0ad4565f-061f-466d-bc0a-b461cca741d3","byIdNumber":"098765432"}
{"time":"2026-09-28T10:01:42.824Z","level":"info","event":"logout","idNumber":"123456789"}
{"time":"2026-09-28T10:01:52.163Z","level":"info","event":"login_success","username":"seed_reporter_3","role":"reporter","idNumber":"seed_0ad4565f-061f-466d-bc0a-b461cca741d3"}
{"time":"2026-09-28T10:14:21.416Z","level":"info","event":"article_created","articleId":"art_93471404-01e9-4b55-8634-5fc4c64b2fb9","idNumber":"seed_0ad4565f-061f-466d-bc0a-b461cca741d3"}
{"time":"2026-09-28T10:14:58.568Z","level":"info","event":"article_status_changed","articleId":"art_93471404-01e9-4b55-8634-5fc4c64b2fb9","status":"pending","idNumber":"seed_0ad4565f-061f-466d-bc0a-b461cca741d3","role":"reporter"}
{"time":"2026-09-28T10:15:40.399Z","level":"info","event":"article_status_changed","articleId":"art_93471404-01e9-4b55-8634-5fc4c64b2fb9","status":"returned","idNumber":"098765432","role":"editor"}
{"time":"2026-09-28T10:16:38.354Z","level":"info","event":"article_status_changed","articleId":"art_93471404-01e9-4b55-8634-5fc4c64b2fb9","status":"pending","idNumber":"seed_0ad4565f-061f-466d-bc0a-b461cca741d3","role":"reporter"}
{"time":"2026-09-28T10:17:23.482Z","level":"info","event":"article_status_changed","articleId":"art_93471404-01e9-4b55-8634-5fc4c64b2fb9","status":"published","idNumber":"098765432","role":"editor"}
{"time":"2026-09-28T10:17:48.132Z","level":"info","event":"article_status_changed","articleId":"art_93471404-01e9-4b55-8634-5fc4c64b2fb9","status":"published","idNumber":"098765432","role":"editor"}
{"time":"2026-09-28T10:18:52.200Z","level":"info","event":"logout","idNumber":"seed_0ad4565f-061f-466d-bc0a-b461cca741d3"}
{"time":"2026-09-28T10:20:39.221Z","level":"info","event":"login_success","username":"User2_admin","role":"editor","idNumber":"098765432"}
